10.113.87.50 "workshop.testtaller.com" - [24/Jul/2020:00:43:46 +0000] "GET /libs/granite/csrf/token.json HTTP/1.1" 200 2 "https://workshop.testtaller.com/content/www/cn/zh/support/products/80939/graphics.html" "Mozilla/5.0 (Windows NT 10.0; Win64; x64) AppleWebKit/537.36 (KHTML, like Gecko) Chrome/84.0.4147.89 Safari/537.36" -
10.113.87.50 "workshop.testtaller.com" - [24/Jul/2020:00:44:44 +0000] "GET /etc.clientlibs/settings/wcm/designs/ver/6.8.1330/testtaller/us/en/Fonts/resources/testtaller-clear-latin-bold.woff2 HTTP/1.1" 200 33640 "https://workshop.testtaller.com/etc.clientlibs/settings/wcm/designs/ver/6.8.1330/testtaller/clientlibs/pages/testc-core.min.css" "Mozilla/5.0 (Windows NT 10.0; Win64; x64) AppleWebKit/537.36 (KHTML, like Gecko) Chrome/84.0.4147.89 Safari/537.36" -
10.113.87.50 "workshop.testtaller.com" - [24/Jul/2020:00:44:44 +0000] "GET /etc.clientlibs/settings/wcm/designs/testtaller/us/en/Fonts/resources/testtaller-clear-cyrillic-bold.woff HTTP/1.1" 200 33547 "https://workshop.testtaller.com/etc.clientlibs/settings/wcm/designs/testtaller/ru/ru/css/resources/css/cyrillic.testtaller.fonts.css" "Mozilla/5.0 (Windows NT 10.0; Win64; x64) AppleWebKit/537.36 (KHTML, like Gecko) Chrome/84.0.4147.89 Safari/537.36" -
10.113.87.76 "workshop.testtaller.com" - [24/Jul/2020:00:44:54 +0000] "GET /libs/granite/csrf/token.json HTTP/1.1" 200 2 "https://workshop.testtaller.com/content/www/us/en/design/test/omega/technical-library-3.html?grouping=EMT_Content%20Type&sort=title:asc" "Mozilla/5.0 (Windows NT 10.0; Win64; x64) AppleWebKit/537.36 (KHTML, like Gecko) Chrome/83.0.4103.116 Safari/537.36 OPR/69.0.3597.77" -
10.113.87.50 "workshop.testtaller.com" - [24/Jul/2020:00:47:00 +0000] "GET /libs/granite/csrf/token.json HTTP/1.1" 200 2 "https://workshop.testtaller.com/content/www/us/en/search.html" "Mozilla/5.0 (Windows NT 10.0; Win64; x64) AppleWebKit/537.36 (KHTML, like Gecko) Chrome/84.0.4147.89 Safari/537.36" -
10.113.87.50 "workshop.testtaller.com" - [24/Jul/2020:00:48:46 +0000] "GET /libs/granite/csrf/token.json HTTP/1.1" 200 2 "https://workshop.testtaller.com/content/www/cn/zh/support/products/80939/graphics.html" "Mozilla/5.0 (Windows NT 10.0; Win64; x64) AppleWebKit/537.36 (KHTML, like Gecko) Chrome/84.0.4147.89 Safari/537.36" -
10.113.87.50 "workshop.testtaller.com" - [24/Jul/2020:00:49:54 +0000] "GET /libs/granite/csrf/token.json HTTP/1.1" 200 2 "https://workshop.testtaller.com/content/www/us/en/design/test/omega/technical-library-3.html?grouping=EMT_Content%20Type&sort=title:asc" "Mozilla/5.0 (Windows NT 10.0; Win64; x64) AppleWebKit/537.36 (KHTML, like Gecko) Chrome/83.0.4103.116 Safari/537.36 OPR/69.0.3597.77" -
10.113.87.76 "workshop.testtaller.com" - [24/Jul/2020:00:52:00 +0000] "GET /libs/granite/csrf/token.json HTTP/1.1" 200 2 "https://workshop.testtaller.com/content/www/us/en/search.html" "Mozilla/5.0 (Windows NT 10.0; Win64; x64) AppleWebKit/537.36 (KHTML, like Gecko) Chrome/84.0.4147.89 Safari/537.36" -
10.113.87.76 "workshop.testtaller.com" - [24/Jul/2020:00:53:46 +0000] "GET /libs/granite/csrf/token.json HTTP/1.1" 200 2 "https://workshop.testtaller.com/content/www/cn/zh/support/products/80939/graphics.html" "Mozilla/5.0 (Windows NT 10.0; Win64; x64) AppleWebKit/537.36 (KHTML, like Gecko) Chrome/84.0.4147.89 Safari/537.36" -
10.113.87.50 "workshop.testtaller.com" - [24/Jul/2020:00:54:54 +0000] "GET /libs/granite/csrf/token.json HTTP/1.1" 200 2 "https://workshop.testtaller.com/content/www/us/en/design/test/omega/technical-library-3.html?grouping=EMT_Content%20Type&sort=title:asc" "Mozilla/5.0 (Windows NT 10.0; Win64; x64) AppleWebKit/537.36 (KHTML, like Gecko) Chrome/83.0.4103.116 Safari/537.36 OPR/69.0.3597.77" -
10.113.87.76 "workshop.testtaller.com" - [24/Jul/2020:00:57:00 +0000] "GET /libs/granite/csrf/token.json HTTP/1.1" 200 2 "https://workshop.testtaller.com/content/www/us/en/search.html" "Mozilla/5.0 (Windows NT 10.0; Win64; x64) AppleWebKit/537.36 (KHTML, like Gecko) Chrome/84.0.4147.89 Safari/537.36" -
10.113.87.76 "workshop.testtaller.com" - [24/Jul/2020:00:58:46 +0000] "GET /libs/granite/csrf/token.json HTTP/1.1" 200 2 "https://workshop.testtaller.com/content/www/cn/zh/support/products/80939/graphics.html" "Mozilla/5.0 (Windows NT 10.0; Win64; x64) AppleWebKit/537.36 (KHTML, like Gecko) Chrome/84.0.4147.89 Safari/537.36" -
10.113.87.76 "workshop.testtaller.com" - [24/Jul/2020:00:59:54 +0000] "GET /libs/granite/csrf/token.json HTTP/1.1" 200 2 "https://workshop.testtaller.com/content/www/us/en/design/test/omega/technical-library-3.html?grouping=EMT_Content%20Type&sort=title:asc" "Mozilla/5.0 (Windows NT 10.0; Win64; x64) AppleWebKit/537.36 (KHTML, like Gecko) Chrome/83.0.4103.116 Safari/537.36 OPR/69.0.3597.77" -
10.113.87.76 "workshop.testtaller.com" - [24/Jul/2020:01:02:00 +0000] "GET /libs/granite/csrf/token.json HTTP/1.1" 200 2 "https://workshop.testtaller.com/content/www/us/en/search.html" "Mozilla/5.0 (Windows NT 10.0; Win64; x64) AppleWebKit/537.36 (KHTML, like Gecko) Chrome/84.0.4147.89 Safari/537.36" -
10.113.87.50 "workshop.testtaller.com" - [24/Jul/2020:01:03:47 +0000] "GET /libs/granite/csrf/token.json HTTP/1.1" 200 2 "https://workshop.testtaller.com/content/www/cn/zh/support/products/80939/graphics.html" "Mozilla/5.0 (Windows NT 10.0; Win64; x64) AppleWebKit/537.36 (KHTML, like Gecko) Chrome/84.0.4147.89 Safari/537.36" -
10.113.87.76 "workshop.testtaller.com" - [24/Jul/2020:01:04:54 +0000] "GET /libs/granite/csrf/token.json HTTP/1.1" 200 2 "https://workshop.testtaller.com/content/www/us/en/design/test/omega/technical-library-3.html?grouping=EMT_Content%20Type&sort=title:asc" "Mozilla/5.0 (Windows NT 10.0; Win64; x64) AppleWebKit/537.36 (KHTML, like Gecko) Chrome/83.0.4103.116 Safari/537.36 OPR/69.0.3597.77" -
10.113.87.50 "workshop.testtaller.com" - [24/Jul/2020:01:07:00 +0000] "GET /libs/granite/csrf/token.json HTTP/1.1" 200 2 "https://workshop.testtaller.com/content/www/us/en/search.html" "Mozilla/5.0 (Windows NT 10.0; Win64; x64) AppleWebKit/537.36 (KHTML, like Gecko) Chrome/84.0.4147.89 Safari/537.36" -
10.113.87.76 "workshop.testtaller.com" - [24/Jul/2020:01:08:46 +0000] "GET /libs/granite/csrf/token.json HTTP/1.1" 200 2 "https://workshop.testtaller.com/content/www/cn/zh/support/products/80939/graphics.html" "Mozilla/5.0 (Windows NT 10.0; Win64; x64) AppleWebKit/537.36 (KHTML, like Gecko) Chrome/84.0.4147.89 Safari/537.36" -
10.113.87.50 "workshop.testtaller.com" - [24/Jul/2020:01:09:54 +0000] "GET /libs/granite/csrf/token.json HTTP/1.1" 200 2 "https://workshop.testtaller.com/content/www/us/en/design/test/omega/technical-library-3.html?grouping=EMT_Content%20Type&sort=title:asc" "Mozilla/5.0 (Windows NT 10.0; Win64; x64) AppleWebKit/537.36 (KHTML, like Gecko) Chrome/83.0.4103.116 Safari/537.36 OPR/69.0.3597.77" -
10.113.87.50 "wcmauthor-stg.testtaller.com" - [24/Jul/2020:01:11:07 +0000] "GET / HTTP/1.1" 403 9282 "-" "Mozilla/5.0 (Windows NT 10.0; Win64; x64) AppleWebKit/537.36 (KHTML, like Gecko) Chrome/64.0.3282.140 Safari/537.36 Edge/18.17763" -
10.113.87.76 "workshop.testtaller.com" - [24/Jul/2020:01:12:00 +0000] "GET /libs/granite/csrf/token.json HTTP/1.1" 200 2 "https://workshop.testtaller.com/content/www/us/en/search.html" "Mozilla/5.0 (Windows NT 10.0; Win64; x64) AppleWebKit/537.36 (KHTML, like Gecko) Chrome/84.0.4147.89 Safari/537.36" -
10.113.87.76 "workshop.testtaller.com" - [24/Jul/2020:01:13:46 +0000] "GET /libs/granite/csrf/token.json HTTP/1.1" 200 2 "https://workshop.testtaller.com/content/www/cn/zh/support/products/80939/graphics.html" "Mozilla/5.0 (Windows NT 10.0; Win64; x64) AppleWebKit/537.36 (KHTML, like Gecko) Chrome/84.0.4147.89 Safari/537.36" -
10.113.87.50 "13.57.80.141" - [24/Jul/2020:01:14:09 +0000] "GET / HTTP/1.1" 403 9282 "-" "Mozilla/5.0 (compatible; Nimbostratus-Bot/v1.3.2; http://cloudsystemnetworks.com)" -
10.113.87.76 "workshop.testtaller.com" - [24/Jul/2020:01:14:54 +0000] "GET /libs/granite/csrf/token.json HTTP/1.1" 200 2 "https://workshop.testtaller.com/content/www/us/en/design/test/omega/technical-library-3.html?grouping=EMT_Content%20Type&sort=title:asc" "Mozilla/5.0 (Windows NT 10.0; Win64; x64) AppleWebKit/537.36 (KHTML, like Gecko) Chrome/83.0.4103.116 Safari/537.36 OPR/69.0.3597.77" -
10.113.87.76 "workshop.testtaller.com" - [24/Jul/2020:01:17:00 +0000] "GET /libs/granite/csrf/token.json HTTP/1.1" 200 2 "https://workshop.testtaller.com/content/www/us/en/search.html" "Mozilla/5.0 (Windows NT 10.0; Win64; x64) AppleWebKit/537.36 (KHTML, like Gecko) Chrome/84.0.4147.89 Safari/537.36" -
10.113.87.50 "13.57.80.141" - [24/Jul/2020:01:17:59 +0000] "GET / HTTP/1.1" 403 9282 "http://13.57.80.141:80/left.html" "Mozilla/5.0 (X11; Ubuntu; Linux x86_64; rv:77.0) Gecko/20100101 Firefox/77.0" -
10.113.87.50 "workshop.testtaller.com" - [24/Jul/2020:01:18:46 +0000] "GET /libs/granite/csrf/token.json HTTP/1.1" 200 2 "https://workshop.testtaller.com/content/www/cn/zh/support/products/80939/graphics.html" "Mozilla/5.0 (Windows NT 10.0; Win64; x64) AppleWebKit/537.36 (KHTML, like Gecko) Chrome/84.0.4147.89 Safari/537.36" -
10.113.87.50 "workshop.testtaller.com" - [24/Jul/2020:01:19:54 +0000] "GET /libs/granite/csrf/token.json HTTP/1.1" 200 2 "https://workshop.testtaller.com/content/www/us/en/design/test/omega/technical-library-3.html?grouping=EMT_Content%20Type&sort=title:asc" "Mozilla/5.0 (Windows NT 10.0; Win64; x64) AppleWebKit/537.36 (KHTML, like Gecko) Chrome/83.0.4103.116 Safari/537.36 OPR/69.0.3597.77" -
10.113.87.50 "13.57.80.141" - [24/Jul/2020:01:19:11+0000] "HEAD / HTTP/1.1" 403 - "-" "python-requests/2.24.0" -
10.113.87.50 "13.57.80.141" - [24/Jul/2020:01:21:03 +0000] "POST /api/jsonws/invoke HTTP/1.1" 403 9282 "-" "Mozilla/5.0 (Windows NT 10.0; Win64; x64) AppleWebKit/537.36 (KHTML, like Gecko) Chrome/78.0.3904.108 Safari/537.36" -
10.113.87.50 "13.57.80.141" - [24/Jul/2020:01:21:03 +0000] "POST /vendor/phpunit/phpunit/src/Util/PHP/eval-stdin.php HTTP/1.1" 403 9282 "-" "Mozilla/5.0 (Windows NT 10.0; Win64; x64) AppleWebKit/537.36 (KHTML, like Gecko) Chrome/78.0.3904.108 Safari/537.36" -
10.113.87.50 "13.57.80.141" - [24/Jul/2020:01:21:04 +0000] "GET /vendor/phpunit/phpunit/src/Util/PHP/eval-stdin.php HTTP/1.1" 403 9282 "-" "Mozilla/5.0 (Windows NT 10.0; Win64; x64) AppleWebKit/537.36 (KHTML, like Gecko) Chrome/78.0.3904.108 Safari/537.36" -
10.113.87.50 "13.57.80.141" - [24/Jul/2020:01:21:04 +0000] "GET /index.php?s=/Index/\\think\\app/invokefunction&function=call_user_func_array&vars[0]=md5&vars[1][]=HelloThinkPHP HTTP/1.1" 403 9282 "-" "Mozilla/5.0 (Windows NT 10.0; Win64; x64) AppleWebKit/537.36 (KHTML, like Gecko) Chrome/78.0.3904.108 Safari/537.36" -
10.113.87.50 "13.57.80.141" - [24/Jul/2020:01:21:05 +0000] "GET /?XDEBUG_SESSION_START=phpstorm HTTP/1.1" 403 9282 "-" "Mozilla/5.0 (Windows NT 10.0; Win64; x64) AppleWebKit/537.36 (KHTML, like Gecko) Chrome/78.0.3904.108 Safari/537.36" -
10.113.87.76 "workshop.testtaller.com" - [24/Jul/2020:01:22:00 +0000] "GET /libs/granite/csrf/token.json HTTP/1.1" 200 2 "https://workshop.testtaller.com/content/www/us/en/search.html" "Mozilla/5.0 (Windows NT 10.0; Win64; x64) AppleWebKit/537.36 (KHTML, like Gecko) Chrome/84.0.4147.89 Safari/537.36" -
10.113.87.50 "server2.testtaller.com" - [24/Jul/2020:01:22:24 +0000] "GET / HTTP/1.1" 301 239 "-" "Mozilla/5.0 (Windows NT 10.0; Win64; x64) AppleWebKit/537.36 (KHTML, like Gecko) Chrome/64.0.3282.140 Safari/537.36 Edge/18.17763" -
10.113.87.50 "server2.testtaller.com" - [24/Jul/2020:01:22:25 +0000] "GET / HTTP/1.1" 200 1309 "-" "Mozilla/5.0 (Windows NT 10.0; Win64; x64) AppleWebKit/537.36 (KHTML, like Gecko) Chrome/64.0.3282.140 Safari/537.36 Edge/18.17763" -
10.113.87.50 "13.57.80.141" - [24/Jul/2020:01:23:11 +0000] "GET / HTTP/1.1" 403 9282 "-" "Mozilla/5.0 (Windows NT 10.0; WOW64) AppleWebKit/537.36 (KHTML, like Gecko) Chrome/51.0.2704.103 Safari/537.36" -
10.113.87.50 "13.57.80.141" - [24/Jul/2020:01:23:11 +0000] "GET / HTTP/1.1" 403 9282 "-" "Mozilla/5.0 (Windows NT 6.1; WOW64) AppleWebKit/537.36 (KHTML, like Gecko) Chrome/52.0.2743.116 Safari/537.36" -
10.113.87.76 "workshop.testtaller.com" - [24/Jul/2020:01:23:47 +0000] "GET /libs/granite/csrf/token.json HTTP/1.1" 200 2 "https://workshop.testtaller.com/content/www/cn/zh/support/products/80939/graphics.html" "Mozilla/5.0 (Windows NT 10.0; Win64; x64) AppleWebKit/537.36 (KHTML, like Gecko) Chrome/84.0.4147.89 Safari/537.36" -
10.113.87.76 "workshop.testtaller.com" - [24/Jul/2020:01:24:54 +0000] "GET /libs/granite/csrf/token.json HTTP/1.1" 200 2 "https://workshop.testtaller.com/content/www/us/en/design/test/omega/technical-library-3.html?grouping=EMT_Content%20Type&sort=title:asc" "Mozilla/5.0 (Windows NT 10.0; Win64; x64) AppleWebKit/537.36 (KHTML, like Gecko) Chrome/83.0.4103.116 Safari/537.36 OPR/69.0.3597.77" -
10.113.87.50 "workshop.testtaller.com" - [24/Jul/2020:01:27:00 +0000] "GET /libs/granite/csrf/token.json HTTP/1.1" 200 2 "https://workshop.testtaller.com/content/www/us/en/search.html" "Mozilla/5.0 (Windows NT 10.0; Win64; x64) AppleWebKit/537.36 (KHTML, like Gecko) Chrome/84.0.4147.89 Safari/537.36" -
10.113.87.50 "workshop.testtaller.com" - [24/Jul/2020:01:28:47 +0000] "GET /libs/granite/csrf/token.json HTTP/1.1" 200 2 "https://workshop.testtaller.com/content/www/cn/zh/support/products/80939/graphics.html" "Mozilla/5.0 (Windows NT 10.0; Win64; x64) AppleWebKit/537.36 (KHTML, like Gecko) Chrome/84.0.4147.89 Safari/537.36" -
10.113.87.76 "workshop.testtaller.com" - [24/Jul/2020:01:29:54 +0000] "GET /libs/granite/csrf/token.json HTTP/1.1" 200 2 "https://workshop.testtaller.com/content/www/us/en/design/test/omega/technical-library-3.html?grouping=EMT_Content%20Type&sort=title:asc" "Mozilla/5.0 (Windows NT 10.0; Win64; x64) AppleWebKit/537.36 (KHTML, like Gecko) Chrome/83.0.4103.116 Safari/537.36 OPR/69.0.3597.77" -
10.113.87.4 "flush" - [24/Jul/2020:01:30:25 +0000] "GET /dispatcher/invalidate.cache HTTP/1.1" 200 13 "about:blank" "Jakarta Commons-HttpClient/3.1" -
10.113.87.4 "flush" - [24/Jul/2020:01:30:31 +0000] "GET /dispatcher/invalidate.cache HTTP/1.1" 200 13 "about:blank" "Jakarta Commons-HttpClient/3.1" -
10.113.87.4 "flush" - [24/Jul/2020:01:30:38 +0000] "GET /dispatcher/invalidate.cache HTTP/1.1" 200 13 "about:blank" "Jakarta Commons-HttpClient/3.1" -
10.113.87.4 "flush" - [24/Jul/2020:01:30:47 +0000] "GET /dispatcher/invalidate.cache HTTP/1.1" 200 13 "about:blank" "Jakarta Commons-HttpClient/3.1" -
10.113.87.4 "flush" - [24/Jul/2020:01:30:54 +0000] "GET /dispatcher/invalidate.cache HTTP/1.1" 200 13 "about:blank" "Jakarta Commons-HttpClient/3.1" -
10.113.87.4 "flush" - [24/Jul/2020:01:31:01 +0000] "GET /dispatcher/invalidate.cache HTTP/1.1" 200 13 "about:blank" "Jakarta Commons-HttpClient/3.1" -
10.113.87.4 "flush" - [24/Jul/2020:01:31:09 +0000] "GET /dispatcher/invalidate.cache HTTP/1.1" 200 13 "about:blank" "Jakarta Commons-HttpClient/3.1" -
10.113.87.4 "flush" - [24/Jul/2020:01:31:15 +0000] "GET /dispatcher/invalidate.cache HTTP/1.1" 200 13 "about:blank" "Jakarta Commons-HttpClient/3.1" -
10.113.87.4 "flush" - [24/Jul/2020:01:31:23 +0000] "GET /dispatcher/invalidate.cache HTTP/1.1" 200 13 "about:blank" "Jakarta Commons-HttpClient/3.1" -
10.113.87.4 "flush" - [24/Jul/2020:01:31:34 +0000] "GET /dispatcher/invalidate.cache HTTP/1.1" 200 13 "about:blank" "Jakarta Commons-HttpClient/3.1" -
10.113.87.4 "flush" - [24/Jul/2020:01:31:39 +0000] "GET /dispatcher/invalidate.cache HTTP/1.1" 200 13 "about:blank" "Jakarta Commons-HttpClient/3.1" -
10.113.87.49 "flush" - [24/Jul/2020:01:31:23 +0000] "GET /dispatcher/invalidate.cache HTTP/1.1" 200 13 "-" "Jakarta Commons-HttpClient/3.1" -
10.113.87.4 "flush" - [24/Jul/2020:01:31:46 +0000] "GET /dispatcher/invalidate.cache HTTP/1.1" 200 13 "about:blank" "Jakarta Commons-HttpClient/3.1" -
10.113.87.49 "flush" - [24/Jul/2020:01:31:29 +0000] "GET /dispatcher/invalidate.cache HTTP/1.1" 200 13 "-" "Jakarta Commons-HttpClient/3.1" -
10.113.87.4 "flush" - [24/Jul/2020:01:31:52 +0000] "GET /dispatcher/invalidate.cache HTTP/1.1" 200 13 "about:blank" "Jakarta Commons-HttpClient/3.1" -
10.113.87.49 "flush" - [24/Jul/2020:01:31:36 +0000] "GET /dispatcher/invalidate.cache HTTP/1.1" 200 13 "-" "Jakarta Commons-HttpClient/3.1" -
10.113.87.4 "flush" - [24/Jul/2020:01:31:59 +0000] "GET /dispatcher/invalidate.cache HTTP/1.1" 200 13 "about:blank" "Jakarta Commons-HttpClient/3.1" -
10.113.87.50 "workshop.testtaller.com" - [24/Jul/2020:01:32:00 +0000] "GET /libs/granite/csrf/token.json HTTP/1.1" 200 2 "https://workshop.testtaller.com/content/www/us/en/search.html" "Mozilla/5.0 (Windows NT 10.0; Win64; x64) AppleWebKit/537.36 (KHTML, like Gecko) Chrome/84.0.4147.89 Safari/537.36" -
10.113.87.49 "flush" - [24/Jul/2020:01:31:44 +0000] "GET /dispatcher/invalidate.cache HTTP/1.1" 200 13 "-" "Jakarta Commons-HttpClient/3.1" -
10.113.87.4 "flush" - [24/Jul/2020:01:32:04 +0000] "GET /dispatcher/invalidate.cache HTTP/1.1" 200 13 "about:blank" "Jakarta Commons-HttpClient/3.1" -
10.113.87.4 "flush" - [24/Jul/2020:01:32:12 +0000] "GET /dispatcher/invalidate.cache HTTP/1.1" 200 13 "about:blank" "Jakarta Commons-HttpClient/3.1" -
10.113.87.49 "flush" - [24/Jul/2020:01:31:52 +0000] "GET /dispatcher/invalidate.cache HTTP/1.1" 200 13 "-" "Jakarta Commons-HttpClient/3.1" -
10.113.87.4 "flush" - [24/Jul/2020:01:32:18 +0000] "GET /dispatcher/invalidate.cache HTTP/1.1" 200 13 "about:blank" "Jakarta Commons-HttpClient/3.1" -
10.113.87.49 "flush" - [24/Jul/2020:01:31:59 +0000] "GET /dispatcher/invalidate.cache HTTP/1.1" 200 13 "-" "Jakarta Commons-HttpClient/3.1" -
10.113.87.49 "flush" - [24/Jul/2020:01:32:07 +0000] "GET /dispatcher/invalidate.cache HTTP/1.1" 200 13 "-" "Jakarta Commons-HttpClient/3.1" -
10.113.87.4 "flush" - [24/Jul/2020:01:32:30 +0000] "GET /dispatcher/invalidate.cache HTTP/1.1" 200 13 "about:blank" "Jakarta Commons-HttpClient/3.1" -
10.113.87.49 "flush" - [24/Jul/2020:01:32:13 +0000] "GET /dispatcher/invalidate.cache HTTP/1.1" 200 13 "-" "Jakarta Commons-HttpClient/3.1" -
10.113.87.4 "flush" - [24/Jul/2020:01:32:34 +0000] "GET /dispatcher/invalidate.cache HTTP/1.1" 200 13 "about:blank" "Jakarta Commons-HttpClient/3.1" -
10.113.87.4 "flush" - [24/Jul/2020:01:32:41 +0000] "GET /dispatcher/invalidate.cache HTTP/1.1" 200 13 "about:blank" "Jakarta Commons-HttpClient/3.1" -
10.113.87.49 "flush" - [24/Jul/2020:01:32:21 +0000] "GET /dispatcher/invalidate.cache HTTP/1.1" 200 13 "-" "Jakarta Commons-HttpClient/3.1" -
10.113.87.4 "flush" - [24/Jul/2020:01:32:51 +0000] "GET /dispatcher/invalidate.cache HTTP/1.1" 200 13 "about:blank" "Jakarta Commons-HttpClient/3.1" -
10.113.87.49 "flush" - [24/Jul/2020:01:32:32 +0000] "GET /dispatcher/invalidate.cache HTTP/1.1" 200 13 "-" "Jakarta Commons-HttpClient/3.1" -
10.113.87.49 "flush" - [24/Jul/2020:01:32:37 +0000] "GET /dispatcher/invalidate.cache HTTP/1.1" 200 13 "-" "Jakarta Commons-HttpClient/3.1" -
10.113.87.4 "flush" - [24/Jul/2020:01:32:58 +0000] "GET /dispatcher/invalidate.cache HTTP/1.1" 200 13 "about:blank" "Jakarta Commons-HttpClient/3.1" -
10.113.87.49 "flush" - [24/Jul/2020:01:32:44 +0000] "GET /dispatcher/invalidate.cache HTTP/1.1" 200 13 "-" "Jakarta Commons-HttpClient/3.1" -
10.113.87.4 "flush" - [24/Jul/2020:01:33:07 +0000] "GET /dispatcher/invalidate.cache HTTP/1.1" 200 13 "about:blank" "Jakarta Commons-HttpClient/3.1" -
10.113.87.49 "flush" - [24/Jul/2020:01:32:50 +0000] "GET /dispatcher/invalidate.cache HTTP/1.1" 200 13 "-" "Jakarta Commons-HttpClient/3.1" -
10.113.87.4 "flush" - [24/Jul/2020:01:33:13 +0000] "GET /dispatcher/invalidate.cache HTTP/1.1" 200 13 "about:blank" "Jakarta Commons-HttpClient/3.1" -
10.113.87.49 "flush" - [24/Jul/2020:01:32:57 +0000] "GET /dispatcher/invalidate.cache HTTP/1.1" 200 13 "-" "Jakarta Commons-HttpClient/3.1" -
10.113.87.4 "flush" - [24/Jul/2020:01:33:22 +0000] "GET /dispatcher/invalidate.cache HTTP/1.1" 200 13 "about:blank" "Jakarta Commons-HttpClient/3.1" -
10.113.87.49 "flush" - [24/Jul/2020:01:33:02 +0000] "GET /dispatcher/invalidate.cache HTTP/1.1" 200 13 "-" "Jakarta Commons-HttpClient/3.1" -
10.113.87.4 "flush" - [24/Jul/2020:01:33:26 +0000] "GET /dispatcher/invalidate.cache HTTP/1.1" 200 13 "about:blank" "Jakarta Commons-HttpClient/3.1" -
10.113.87.49 "flush" - [24/Jul/2020:01:33:10 +0000] "GET /dispatcher/invalidate.cache HTTP/1.1" 200 13 "-" "Jakarta Commons-HttpClient/3.1" -
10.113.87.4 "flush" - [24/Jul/2020:01:33:32 +0000] "GET /dispatcher/invalidate.cache HTTP/1.1" 200 13 "about:blank" "Jakarta Commons-HttpClient/3.1" -
10.113.87.49 "flush" - [24/Jul/2020:01:33:16 +0000] "GET /dispatcher/invalidate.cache HTTP/1.1" 200 13 "-" "Jakarta Commons-HttpClient/3.1" -
10.113.87.4 "flush" - [24/Jul/2020:01:33:38 +0000] "GET /dispatcher/invalidate.cache HTTP/1.1" 200 13 "about:blank" "Jakarta Commons-HttpClient/3.1" -
10.113.87.50 "workshop.testtaller.com" - [24/Jul/2020:01:33:46 +0000] "GET /libs/granite/csrf/token.json HTTP/1.1" 200 2 "https://workshop.testtaller.com/content/www/cn/zh/support/products/80939/graphics.html" "Mozilla/5.0 (Windows NT 10.0; Win64; x64) AppleWebKit/537.36 (KHTML, like Gecko) Chrome/84.0.4147.89 Safari/537.36" -
10.113.87.4 "flush" - [24/Jul/2020:01:33:47 +0000] "GET /dispatcher/invalidate.cache HTTP/1.1" 200 13 "about:blank" "Jakarta Commons-HttpClient/3.1" -
10.113.87.49 "flush" - [24/Jul/2020:01:33:28 +0000] "GET /dispatcher/invalidate.cache HTTP/1.1" 200 13 "-" "Jakarta Commons-HttpClient/3.1" -
10.113.87.49 "flush" - [24/Jul/2020:01:33:32 +0000] "GET /dispatcher/invalidate.cache HTTP/1.1" 200 13 "-" "Jakarta Commons-HttpClient/3.1" -
10.113.87.4 "flush" - [24/Jul/2020:01:33:57 +0000] "GET /dispatcher/invalidate.cache HTTP/1.1" 200 13 "about:blank" "Jakarta Commons-HttpClient/3.1" -
10.113.87.49 "flush" - [24/Jul/2020:01:33:39 +0000] "GET /dispatcher/invalidate.cache HTTP/1.1" 200 13 "-" "Jakarta Commons-HttpClient/3.1" -
10.113.87.4 "flush" - [24/Jul/2020:01:33:59 +0000] "GET /dispatcher/invalidate.cache HTTP/1.1" 200 13 "about:blank" "Jakarta Commons-HttpClient/3.1" -
10.113.87.4 "flush" - [24/Jul/2020:01:34:09 +0000] "GET /dispatcher/invalidate.cache HTTP/1.1" 200 13 "about:blank" "Jakarta Commons-HttpClient/3.1" -
10.113.87.49 "flush" - [24/Jul/2020:01:33:49 +0000] "GET /dispatcher/invalidate.cache HTTP/1.1" 200 13 "-" "Jakarta Commons-HttpClient/3.1" -
10.113.87.49 "flush" - [24/Jul/2020:01:33:56 +0000] "GET /dispatcher/invalidate.cache HTTP/1.1" 200 13 "-" "Jakarta Commons-HttpClient/3.1" -
10.113.87.4 "flush" - [24/Jul/2020:01:34:16 +0000] "GET /dispatcher/invalidate.cache HTTP/1.1" 200 13 "about:blank" "Jakarta Commons-HttpClient/3.1" -
10.113.87.4 "flush" - [24/Jul/2020:01:34:23 +0000] "GET /dispatcher/invalidate.cache HTTP/1.1" 200 13 "about:blank" "Jakarta Commons-HttpClient/3.1" -
10.113.87.49 "flush" - [24/Jul/2020:01:34:05 +0000] "GET /dispatcher/invalidate.cache HTTP/1.1" 200 13 "-" "Jakarta Commons-HttpClient/3.1" -
10.113.87.49 "flush" - [24/Jul/2020:01:34:10 +0000] "GET /dispatcher/invalidate.cache HTTP/1.1" 200 13 "-" "Jakarta Commons-HttpClient/3.1" -
10.113.87.4 "flush" - [24/Jul/2020:01:34:33 +0000] "GET /dispatcher/invalidate.cache HTTP/1.1" 200 13 "about:blank" "Jakarta Commons-HttpClient/3.1" -
10.113.87.4 "flush" - [24/Jul/2020:01:34:37 +0000] "GET /dispatcher/invalidate.cache HTTP/1.1" 200 13 "about:blank" "Jakarta Commons-HttpClient/3.1" -
10.113.87.49 "flush" - [24/Jul/2020:01:34:19 +0000] "GET /dispatcher/invalidate.cache HTTP/1.1" 200 13 "-" "Jakarta Commons-HttpClient/3.1" -
10.113.87.49 "flush" - [24/Jul/2020:01:34:24 +0000] "GET /dispatcher/invalidate.cache HTTP/1.1" 200 13 "-" "Jakarta Commons-HttpClient/3.1" -
10.113.87.4 "flush" - [24/Jul/2020:01:34:47 +0000] "GET /dispatcher/invalidate.cache HTTP/1.1" 200 13 "about:blank" "Jakarta Commons-HttpClient/3.1" -
10.113.87.49 "flush" - [24/Jul/2020:01:34:30 +0000] "GET /dispatcher/invalidate.cache HTTP/1.1" 200 13 "-" "Jakarta Commons-HttpClient/3.1" -
10.113.87.4 "flush" - [24/Jul/2020:01:34:54 +0000] "GET /dispatcher/invalidate.cache HTTP/1.1" 200 13 "about:blank" "Jakarta Commons-HttpClient/3.1" -
10.113.87.50 "workshop.testtaller.com" - [24/Jul/2020:01:34:54 +0000] "GET /libs/granite/csrf/token.json HTTP/1.1" 200 2 "https://workshop.testtaller.com/content/www/us/en/design/test/omega/technical-library-3.html?grouping=EMT_Content%20Type&sort=title:asc" "Mozilla/5.0 (Windows NT 10.0; Win64; x64) AppleWebKit/537.36 (KHTML, like Gecko) Chrome/83.0.4103.116 Safari/537.36 OPR/69.0.3597.77" -
10.113.87.49 "flush" - [24/Jul/2020:01:34:36 +0000] "GET /dispatcher/invalidate.cache HTTP/1.1" 200 13 "-" "Jakarta Commons-HttpClient/3.1" -
10.113.87.4 "flush" - [24/Jul/2020:01:35:02 +0000] "GET /dispatcher/invalidate.cache HTTP/1.1" 200 13 "about:blank" "Jakarta Commons-HttpClient/3.1" -
10.113.87.49 "flush" - [24/Jul/2020:01:34:45 +0000] "GET /dispatcher/invalidate.cache HTTP/1.1" 200 13 "-" "Jakarta Commons-HttpClient/3.1" -
10.113.87.4 "flush" - [24/Jul/2020:01:35:10 +0000] "GET /dispatcher/invalidate.cache HTTP/1.1" 200 13 "about:blank" "Jakarta Commons-HttpClient/3.1" -
10.113.87.49 "flush" - [24/Jul/2020:01:34:11+0000] "GET /dispatcher/invalidate.cache HTTP/1.1" 200 13 "-" "Jakarta Commons-HttpClient/3.1" -
10.113.87.4 "flush" - [24/Jul/2020:01:35:17 +0000] "GET /dispatcher/invalidate.cache HTTP/1.1" 200 13 "about:blank" "Jakarta Commons-HttpClient/3.1" -
10.113.87.49 "flush" - [24/Jul/2020:01:34:57 +0000] "GET /dispatcher/invalidate.cache HTTP/1.1" 200 13 "-" "Jakarta Commons-HttpClient/3.1" -
10.113.87.4 "flush" - [24/Jul/2020:01:35:27 +0000] "GET /dispatcher/invalidate.cache HTTP/1.1" 200 13 "about:blank" "Jakarta Commons-HttpClient/3.1" -
10.113.87.49 "flush" - [24/Jul/2020:01:35:07 +0000] "GET /dispatcher/invalidate.cache HTTP/1.1" 200 13 "-" "Jakarta Commons-HttpClient/3.1" -
10.113.87.49 "flush" - [24/Jul/2020:01:35:14 +0000] "GET /dispatcher/invalidate.cache HTTP/1.1" 200 13 "-" "Jakarta Commons-HttpClient/3.1" -
10.113.87.4 "flush" - [24/Jul/2020:01:35:36 +0000] "GET /dispatcher/invalidate.cache HTTP/1.1" 200 13 "about:blank" "Jakarta Commons-HttpClient/3.1" -
10.113.87.49 "flush" - [24/Jul/2020:01:35:21 +0000] "GET /dispatcher/invalidate.cache HTTP/1.1" 200 13 "-" "Jakarta Commons-HttpClient/3.1" -
10.113.87.4 "flush" - [24/Jul/2020:01:35:42 +0000] "GET /dispatcher/invalidate.cache HTTP/1.1" 200 13 "about:blank" "Jakarta Commons-HttpClient/3.1" -
10.113.87.4 "flush" - [24/Jul/2020:01:35:50 +0000] "GET /dispatcher/invalidate.cache HTTP/1.1" 200 13 "about:blank" "Jakarta Commons-HttpClient/3.1" -
10.113.87.49 "flush" - [24/Jul/2020:01:35:31 +0000] "GET /dispatcher/invalidate.cache HTTP/1.1" 200 13 "-" "Jakarta Commons-HttpClient/3.1" -
10.113.87.49 "flush" - [24/Jul/2020:01:35:35 +0000] "GET /dispatcher/invalidate.cache HTTP/1.1" 200 13 "-" "Jakarta Commons-HttpClient/3.1" -
10.113.87.4 "flush" - [24/Jul/2020:01:35:59 +0000] "GET /dispatcher/invalidate.cache HTTP/1.1" 200 13 "about:blank" "Jakarta Commons-HttpClient/3.1" -
10.113.87.49 "flush" - [24/Jul/2020:01:35:45 +0000] "GET /dispatcher/invalidate.cache HTTP/1.1" 200 13 "-" "Jakarta Commons-HttpClient/3.1" -
10.113.87.4 "flush" - [24/Jul/2020:01:36:09 +0000] "GET /dispatcher/invalidate.cache HTTP/1.1" 200 13 "about:blank" "Jakarta Commons-HttpClient/3.1" -
10.113.87.49 "flush" - [24/Jul/2020:01:35:52 +0000] "GET /dispatcher/invalidate.cache HTTP/1.1" 200 13 "-" "Jakarta Commons-HttpClient/3.1" -
10.113.87.4 "flush" - [24/Jul/2020:01:36:17 +0000] "GET /dispatcher/invalidate.cache HTTP/1.1" 200 13 "about:blank" "Jakarta Commons-HttpClient/3.1" -
10.113.87.49 "flush" - [24/Jul/2020:01:36:00 +0000] "GET /dispatcher/invalidate.cache HTTP/1.1" 200 13 "-" "Jakarta Commons-HttpClient/3.1" -
10.113.87.4 "flush" - [24/Jul/2020:01:36:26 +0000] "GET /dispatcher/invalidate.cache HTTP/1.1" 200 13 "about:blank" "Jakarta Commons-HttpClient/3.1" -
10.113.87.49 "flush" - [24/Jul/2020:01:36:08 +0000] "GET /dispatcher/invalidate.cache HTTP/1.1" 200 13 "-" "Jakarta Commons-HttpClient/3.1" -
10.113.87.4 "flush" - [24/Jul/2020:01:36:33 +0000] "GET /dispatcher/invalidate.cache HTTP/1.1" 200 13 "about:blank" "Jakarta Commons-HttpClient/3.1" -
10.113.87.49 "flush" - [24/Jul/2020:01:36:15 +0000] "GET /dispatcher/invalidate.cache HTTP/1.1" 200 13 "-" "Jakarta Commons-HttpClient/3.1" -
10.113.87.4 "flush" - [24/Jul/2020:01:36:41 +0000] "GET /dispatcher/invalidate.cache HTTP/1.1" 200 13 "about:blank" "Jakarta Commons-HttpClient/3.1" -
10.113.87.49 "flush" - [24/Jul/2020:01:36:24 +0000] "GET /dispatcher/invalidate.cache HTTP/1.1" 200 13 "-" "Jakarta Commons-HttpClient/3.1" -
10.113.87.49 "flush" - [24/Jul/2020:01:36:34 +0000] "GET /dispatcher/invalidate.cache HTTP/1.1" 200 13 "-" "Jakarta Commons-HttpClient/3.1" -
10.113.87.49 "flush" - [24/Jul/2020:01:36:40 +0000] "GET /dispatcher/invalidate.cache HTTP/1.1" 200 13 "-" "Jakarta Commons-HttpClient/3.1" -
10.113.87.76 "workshop.testtaller.com" - [24/Jul/2020:01:37:00 +0000] "GET /libs/granite/csrf/token.json HTTP/1.1" 200 2 "https://workshop.testtaller.com/content/www/us/en/search.html" "Mozilla/5.0 (Windows NT 10.0; Win64; x64) AppleWebKit/537.36 (KHTML, like Gecko) Chrome/84.0.4147.89 Safari/537.36" -
10.113.87.49 "flush" - [24/Jul/2020:01:36:48 +0000] "GET /dispatcher/invalidate.cache HTTP/1.1" 200 13 "-" "Jakarta Commons-HttpClient/3.1" -
10.113.87.49 "flush" - [24/Jul/2020:01:36:56 +0000] "GET /dispatcher/invalidate.cache HTTP/1.1" 200 13 "-" "Jakarta Commons-HttpClient/3.1" -
10.113.87.49 "flush" - [24/Jul/2020:01:37:07 +0000] "GET /dispatcher/invalidate.cache HTTP/1.1" 200 13 "-" "Jakarta Commons-HttpClient/3.1" -
10.113.87.49 "flush" - [24/Jul/2020:01:37:15 +0000] "GET /dispatcher/invalidate.cache HTTP/1.1" 200 13 "-" "Jakarta Commons-HttpClient/3.1" -
10.113.87.49 "flush" - [24/Jul/2020:01:37:24 +0000] "GET /dispatcher/invalidate.cache HTTP/1.1" 200 13 "-" "Jakarta Commons-HttpClient/3.1" -
10.113.87.49 "flush" - [24/Jul/2020:01:37:31 +0000] "GET /dispatcher/invalidate.cache HTTP/1.1" 200 13 "-" "Jakarta Commons-HttpClient/3.1" -
10.113.87.49 "flush" - [24/Jul/2020:01:37:39 +0000] "GET /dispatcher/invalidate.cache HTTP/1.1" 200 13 "-" "Jakarta Commons-HttpClient/3.1" -
10.113.87.76 "workshop.testtaller.com" - [24/Jul/2020:01:38:47 +0000] "GET /libs/granite/csrf/token.json HTTP/1.1" 200 2 "https://workshop.testtaller.com/content/www/cn/zh/support/products/80939/graphics.html" "Mozilla/5.0 (Windows NT 10.0; Win64; x64) AppleWebKit/537.36 (KHTML, like Gecko) Chrome/84.0.4147.89 Safari/537.36" -
10.113.87.76 "workshop.testtaller.com" - [24/Jul/2020:01:39:54 +0000] "GET /libs/granite/csrf/token.json HTTP/1.1" 200 2 "https://workshop.testtaller.com/content/www/us/en/design/test/omega/technical-library-3.html?grouping=EMT_Content%20Type&sort=title:asc" "Mozilla/5.0 (Windows NT 10.0; Win64; x64) AppleWebKit/537.36 (KHTML, like Gecko) Chrome/83.0.4103.116 Safari/537.36 OPR/69.0.3597.77" -
10.113.87.50 "workshop.testtaller.com" - [24/Jul/2020:01:42:00 +0000] "GET /libs/granite/csrf/token.json HTTP/1.1" 200 2 "https://workshop.testtaller.com/content/www/us/en/search.html" "Mozilla/5.0 (Windows NT 10.0; Win64; x64) AppleWebKit/537.36 (KHTML, like Gecko) Chrome/84.0.4147.89 Safari/537.36" -
10.113.87.50 "workshop.testtaller.com" - [24/Jul/2020:01:44:54 +0000] "GET /libs/granite/csrf/token.json HTTP/1.1" 200 2 "https://workshop.testtaller.com/content/www/us/en/design/test/omega/technical-library-3.html?grouping=EMT_Content%20Type&sort=title:asc" "Mozilla/5.0 (Windows NT 10.0; Win64; x64) AppleWebKit/537.36 (KHTML, like Gecko) Chrome/83.0.4103.116 Safari/537.36 OPR/69.0.3597.77" -
10.113.87.50 "workshop.testtaller.com" - [24/Jul/2020:01:47:00 +0000] "GET /libs/granite/csrf/token.json HTTP/1.1" 200 2 "https://workshop.testtaller.com/content/www/us/en/search.html" "Mozilla/5.0 (Windows NT 10.0; Win64; x64) AppleWebKit/537.36 (KHTML, like Gecko) Chrome/84.0.4147.89 Safari/537.36" -
10.113.87.76 "workshop.testtaller.com" - [24/Jul/2020:01:49:54 +0000] "GET /libs/granite/csrf/token.json HTTP/1.1" 200 2 "https://workshop.testtaller.com/content/www/us/en/design/test/omega/technical-library-3.html?grouping=EMT_Content%20Type&sort=title:asc" "Mozilla/5.0 (Windows NT 10.0; Win64; x64) AppleWebKit/537.36 (KHTML, like Gecko) Chrome/83.0.4103.116 Safari/537.36 OPR/69.0.3597.77" -
10.113.87.50 "workshop.testtaller.com" - [24/Jul/2020:01:52:00 +0000] "GET /libs/granite/csrf/token.json HTTP/1.1" 200 2 "https://workshop.testtaller.com/content/www/us/en/search.html" "Mozilla/5.0 (Windows NT 10.0; Win64; x64) AppleWebKit/537.36 (KHTML, like Gecko) Chrome/84.0.4147.89 Safari/537.36" -
10.113.87.50 "workshop.testtaller.com" - [24/Jul/2020:01:54:54 +0000] "GET /libs/granite/csrf/token.json HTTP/1.1" 200 2 "https://workshop.testtaller.com/content/www/us/en/design/test/omega/technical-library-3.html?grouping=EMT_Content%20Type&sort=title:asc" "Mozilla/5.0 (Windows NT 10.0; Win64; x64) AppleWebKit/537.36 (KHTML, like Gecko) Chrome/83.0.4103.116 Safari/537.36 OPR/69.0.3597.77" -
10.113.87.76 "workshop.testtaller.com" - [24/Jul/2020:01:57:00 +0000] "GET /libs/granite/csrf/token.json HTTP/1.1" 200 2 "https://workshop.testtaller.com/content/www/us/en/search.html" "Mozilla/5.0 (Windows NT 10.0; Win64; x64) AppleWebKit/537.36 (KHTML, like Gecko) Chrome/84.0.4147.89 Safari/537.36" -
10.113.87.50 "workshop.testtaller.com" - [24/Jul/2020:01:59:54 +0000] "GET /libs/granite/csrf/token.json HTTP/1.1" 200 2 "https://workshop.testtaller.com/content/www/us/en/design/test/omega/technical-library-3.html?grouping=EMT_Content%20Type&sort=title:asc" "Mozilla/5.0 (Windows NT 10.0; Win64; x64) AppleWebKit/537.36 (KHTML, like Gecko) Chrome/83.0.4103.116 Safari/537.36 OPR/69.0.3597.77" -
10.113.87.76 "workshop.testtaller.com" - [24/Jul/2020:02:02:00 +0000] "GET /libs/granite/csrf/token.json HTTP/1.1" 200 2 "https://workshop.testtaller.com/content/www/us/en/search.html" "Mozilla/5.0 (Windows NT 10.0; Win64; x64) AppleWebKit/537.36 (KHTML, like Gecko) Chrome/84.0.4147.89 Safari/537.36" -
10.113.87.50 "13.57.80.141" - [24/Jul/2020:02:02:27 +0000] "GET / HTTP/1.1" 403 9282 "-" "Mozilla/5.0 (Windows NT 10.0; Win64; x64) AppleWebKit/537.36 (KHTML, like Gecko) Chrome/64.0.3282.140 Safari/537.36 Edge/18.17763" -
10.113.87.76 "workshop.testtaller.com" - [24/Jul/2020:02:04:54 +0000] "GET /libs/granite/csrf/token.json HTTP/1.1" 200 2 "https://workshop.testtaller.com/content/www/us/en/design/test/omega/technical-library-3.html?grouping=EMT_Content%20Type&sort=title:asc" "Mozilla/5.0 (Windows NT 10.0; Win64; x64) AppleWebKit/537.36 (KHTML, like Gecko) Chrome/83.0.4103.116 Safari/537.36 OPR/69.0.3597.77" -
10.113.87.50 "13.57.80.141" - [24/Jul/2020:02:05:44 +0000] "GET / HTTP/1.1" 403 9282 "-" "Mozilla/5.0 (Windows NT 6.1; WOW64) AppleWebKit/537.36 (KHTML, like Gecko) Chrome/51.0.2704.103 Safari/537.36" -
10.113.87.76 "workshop.testtaller.com" - [24/Jul/2020:02:07:00 +0000] "GET /libs/granite/csrf/token.json HTTP/1.1" 200 2 "https://workshop.testtaller.com/content/www/us/en/search.html" "Mozilla/5.0 (Windows NT 10.0; Win64; x64) AppleWebKit/537.36 (KHTML, like Gecko) Chrome/84.0.4147.89 Safari/537.36" -
10.113.87.76 "workshop.testtaller.com" - [24/Jul/2020:02:09:54 +0000] "GET /libs/granite/csrf/token.json HTTP/1.1" 200 2 "https://workshop.testtaller.com/content/www/us/en/design/test/omega/technical-library-3.html?grouping=EMT_Content%20Type&sort=title:asc" "Mozilla/5.0 (Windows NT 10.0; Win64; x64) AppleWebKit/537.36 (KHTML, like Gecko) Chrome/83.0.4103.116 Safari/537.36 OPR/69.0.3597.77" -
10.113.87.50 "wcmauthor-stg.testtaller.com" - [24/Jul/2020:02:11:35 +0000] "GET / HTTP/1.1" 403 9282 "-" "Mozilla/5.0 (Windows NT 10.0; Win64; x64) AppleWebKit/537.36 (KHTML, like Gecko) Chrome/64.0.3282.140 Safari/537.36 Edge/18.17763" -
10.113.87.50 "workshop.testtaller.com" - [24/Jul/2020:02:12:00 +0000] "GET /libs/granite/csrf/token.json HTTP/1.1" 200 2 "https://workshop.testtaller.com/content/www/us/en/search.html" "Mozilla/5.0 (Windows NT 10.0; Win64; x64) AppleWebKit/537.36 (KHTML, like Gecko) Chrome/84.0.4147.89 Safari/537.36" -
10.113.87.50 "server2.testtaller.com" - [24/Jul/2020:02:13:07 +0000] "GET /editor.html/content/www/us/en/support/products/873.html HTTP/1.1" 200 1308 "-" "Mozilla/5.0 (Windows NT 10.0; Win64; x64) AppleWebKit/537.36 (KHTML, like Gecko) Chrome/84.0.4147.89 Safari/537.36 Edg/84.0.522.40" -
10.113.87.50 "server2.testtaller.com" - [24/Jul/2020:02:13:07 +0000] "GET /favicon.ico HTTP/1.1" 200 1308 "https://server2.testtaller.com/editor.html/content/www/us/en/support/products/873.html" "Mozilla/5.0 (Windows NT 10.0; Win64; x64) AppleWebKit/537.36 (KHTML, like Gecko) Chrome/84.0.4147.89 Safari/537.36 Edg/84.0.522.40" -
10.113.87.50 "server2.testtaller.com" - [24/Jul/2020:02:13:21 +0000] "POST /saml_login HTTP/1.1" 302 - "https://sfederationpreprod.testtaller.com/affwebservices/public/saml2sso?SPID=tstserver1s.cps.testtaller.com&ProtocolBinding=urn:oasis:names:tc:SAML:2.0:bindings:HTTP-POST&RelayState=" "Mozilla/5.0 (Windows NT 10.0; Win64; x64) AppleWebKit/537.36 (KHTML, like Gecko) Chrome/84.0.4147.89 Safari/537.36 Edg/84.0.522.40" -
10.113.87.50 "server2.testtaller.com" - [24/Jul/2020:02:13:22 +0000] "GET /editor.html/content/www/us/en/support/products/873.html HTTP/1.1" 200 15897 "https://sfederationpreprod.testtaller.com/affwebservices/public/saml2sso?SPID=tstserver1s.cps.testtaller.com&ProtocolBinding=urn:oasis:names:tc:SAML:2.0:bindings:HTTP-POST&RelayState=" "Mozilla/5.0 (Windows NT 10.0; Win64; x64) AppleWebKit/537.36 (KHTML, like Gecko) Chrome/84.0.4147.89 Safari/537.36 Edg/84.0.522.40" -
10.113.87.50 "server2.testtaller.com" - [24/Jul/2020:02:13:24 +0000] "GET /libs/cq/experiencelog/clientlibs/tracking.min.js HTTP/1.1" 200 508 "https://server2.testtaller.com/editor.html/content/www/us/en/support/products/873.html" "Mozilla/5.0 (Windows NT 10.0; Win64; x64) AppleWebKit/537.36 (KHTML, like Gecko) Chrome/84.0.4147.89 Safari/537.36 Edg/84.0.522.40" -
10.113.87.50 "server2.testtaller.com" - [24/Jul/2020:02:13:24 +0000] "GET /etc.clientlibs/clientlibs/granite/coralui2/optional/imageeditor.min.css HTTP/1.1" 200 - "https://server2.testtaller.com/editor.html/content/www/us/en/support/products/873.html" "Mozilla/5.0 (Windows NT 10.0; Win64; x64) AppleWebKit/537.36 (KHTML, like Gecko) Chrome/84.0.4147.89 Safari/537.36 Edg/84.0.522.40" -
10.113.87.50 "server2.testtaller.com" - [24/Jul/2020:02:13:24 +0000] "GET /etc.clientlibs/clientlibs/granite/coralui3.min.css HTTP/1.1" 200 135865 "https://server2.testtaller.com/editor.html/content/www/us/en/support/products/873.html" "Mozilla/5.0 (Windows NT 10.0; Win64; x64) AppleWebKit/537.36 (KHTML, like Gecko) Chrome/84.0.4147.89 Safari/537.36 Edg/84.0.522.40" -
10.113.87.50 "server2.testtaller.com" - [24/Jul/2020:02:13:24 +0000] "GET /etc.clientlibs/clientlibs/granite/coralui2.min.css HTTP/1.1" 200 71356 "https://server2.testtaller.com/editor.html/content/www/us/en/support/products/873.html" "Mozilla/5.0 (Windows NT 10.0; Win64; x64) AppleWebKit/537.36 (KHTML, like Gecko) Chrome/84.0.4147.89 Safari/537.36 Edg/84.0.522.40" -
10.113.87.50 "server2.testtaller.com" - [24/Jul/2020:02:13:24 +0000] "GET /libs/clientlibs/granite/richtext.min.css HTTP/1.1" 200 1691 "https://server2.testtaller.com/editor.html/content/www/us/en/support/products/873.html" "Mozilla/5.0 (Windows NT 10.0; Win64; x64) AppleWebKit/537.36 (KHTML, like Gecko) Chrome/84.0.4147.89 Safari/537.36 Edg/84.0.522.40" -
10.113.87.50 "server2.testtaller.com" - [24/Jul/2020:02:13:24 +0000] "GET /etc.clientlibs/granite/ui/components/coral/foundation/components/clientlibs/components.min.css HTTP/1.1" 200 2492 "https://server2.testtaller.com/editor.html/content/www/us/en/support/products/873.html" "Mozilla/5.0 (Windows NT 10.0; Win64; x64) AppleWebKit/537.36 (KHTML, like Gecko) Chrome/84.0.4147.89 Safari/537.36 Edg/84.0.522.40" -
10.113.87.50 "server2.testtaller.com" - [24/Jul/2020:02:13:24 +0000] "GET /etc.clientlibs/granite/ui/clientlibs/quickactions.min.css HTTP/1.1" 200 444 "https://server2.testtaller.com/editor.html/content/www/us/en/support/products/873.html" "Mozilla/5.0 (Windows NT 10.0; Win64; x64) AppleWebKit/537.36 (KHTML, like Gecko) Chrome/84.0.4147.89 Safari/537.36 Edg/84.0.522.40" -
10.113.87.50 "server2.testtaller.com" - [24/Jul/2020:02:13:24 +0000] "GET /etc.clientlibs/granite/ui/components/coral/foundation/clientlibs/foundation.min.css HTTP/1.1" 200 4589 "https://server2.testtaller.com/editor.html/content/www/us/en/support/products/873.html" "Mozilla/5.0 (Windows NT 10.0; Win64; x64) AppleWebKit/537.36 (KHTML, like Gecko) Chrome/84.0.4147.89 Safari/537.36 Edg/84.0.522.40" -
10.113.87.50 "server2.testtaller.com" - [24/Jul/2020:02:13:24 +0000] "GET /etc.clientlibs/granite/ui/components/foundation/clientlibs/foundation.min.css HTTP/1.1" 200 770 "https://server2.testtaller.com/editor.html/content/www/us/en/support/products/873.html" "Mozilla/5.0 (Windows NT 10.0; Win64; x64) AppleWebKit/537.36 (KHTML, like Gecko) Chrome/84.0.4147.89 Safari/537.36 Edg/84.0.522.40" -
10.113.87.50 "server2.testtaller.com" - [24/Jul/2020:02:13:24 +0000] "GET /etc.clientlibs/granite/ui/components/endor/clientlibs.min.css HTTP/1.1" 200 929 "https://server2.testtaller.com/editor.html/content/www/us/en/support/products/873.html" "Mozilla/5.0 (Windows NT 10.0; Win64; x64) AppleWebKit/537.36 (KHTML, like Gecko) Chrome/84.0.4147.89 Safari/537.36 Edg/84.0.522.40" -
10.113.87.50 "server2.testtaller.com" - [24/Jul/2020:02:13:24 +0000] "GET /libs/fmdita/clientlibs/init.min.css HTTP/1.1" 200 - "https://server2.testtaller.com/editor.html/content/www/us/en/support/products/873.html" "Mozilla/5.0 (Windows NT 10.0; Win64; x64) AppleWebKit/537.36 (KHTML, like Gecko) Chrome/84.0.4147.89 Safari/537.36 Edg/84.0.522.40" -
10.113.87.50 "server2.testtaller.com" - [24/Jul/2020:02:13:24 +0000] "GET /libs/cq/gui/components/authoring/searchfield/clientlibs/searchfield.min.css HTTP/1.1" 200 190 "https://server2.testtaller.com/editor.html/content/www/us/en/support/products/873.html" "Mozilla/5.0 (Windows NT 10.0; Win64; x64) AppleWebKit/537.36 (KHTML, like Gecko) Chrome/84.0.4147.89 Safari/537.36 Edg/84.0.522.40" -
10.113.87.50 "server2.testtaller.com" - [24/Jul/2020:02:13:24 +0000] "GET /libs/cq/gui/components/authoring/editors/clientlibs/core.min.css HTTP/1.1" 200 7808 "https://server2.testtaller.com/editor.html/content/www/us/en/support/products/873.html" "Mozilla/5.0 (Windows NT 10.0; Win64; x64) AppleWebKit/537.36 (KHTML, like Gecko) Chrome/84.0.4147.89 Safari/537.36 Edg/84.0.522.40" -
10.113.87.50 "server2.testtaller.com" - [24/Jul/2020:02:13:24 +0000] "GET /etc.clientlibs/clientlibs/granite/jquery-ui.min.css HTTP/1.1" 200 7895 "https://server2.testtaller.com/editor.html/content/www/us/en/support/products/873.html" "Mozilla/5.0 (Windows NT 10.0; Win64; x64) AppleWebKit/537.36 (KHTML, like Gecko) Chrome/84.0.4147.89 Safari/537.36 Edg/84.0.522.40" -
10.113.87.50 "server2.testtaller.com" - [24/Jul/2020:02:13:24 +0000] "GET /libs/cq/gui/components/authoring/editors/clientlibs/sites/page.min.css HTTP/1.1" 200 13109 "https://server2.testtaller.com/editor.html/content/www/us/en/support/products/873.html" "Mozilla/5.0 (Windows NT 10.0; Win64; x64) AppleWebKit/537.36 (KHTML, like Gecko) Chrome/84.0.4147.89 Safari/537.36 Edg/84.0.522.40" -
10.113.87.50 "server2.testtaller.com" - [24/Jul/2020:02:13:24 +0000] "GET /libs/cq/gui/components/authoring/dialog/clientlibs/all.min.css HTTP/1.1" 200 6134 "https://server2.testtaller.com/editor.html/content/www/us/en/support/products/873.html" "Mozilla/5.0 (Windows NT 10.0; Win64; x64) AppleWebKit/537.36 (KHTML, like Gecko) Chrome/84.0.4147.89 Safari/537.36 Edg/84.0.522.40" -
10.113.87.50 "server2.testtaller.com" - [24/Jul/2020:02:13:24 +0000] "GET /libs/foundation/clientlibs/jquery-ui/themes/default.min.css HTTP/1.1" 200 - "https://server2.testtaller.com/editor.html/content/www/us/en/support/products/873.html" "Mozilla/5.0 (Windows NT 10.0; Win64; x64) AppleWebKit/537.36 (KHTML, like Gecko) Chrome/84.0.4147.89 Safari/537.36 Edg/84.0.522.40" -
10.113.87.50 "server2.testtaller.com" - [24/Jul/2020:02:13:24 +0000] "GET /etc.clientlibs/clientlibs/granite/jquery.min.js HTTP/1.1" 200 35339 "https://server2.testtaller.com/editor.html/content/www/us/en/support/products/873.html" "Mozilla/5.0 (Windows NT 10.0; Win64; x64) AppleWebKit/537.36 (KHTML, like Gecko) Chrome/84.0.4147.89 Safari/537.36 Edg/84.0.522.40" -
10.113.87.50 "server2.testtaller.com" - [24/Jul/2020:02:13:24 +0000] "GET /etc.clientlibs/clientlibs/granite/jquery/granite.min.js HTTP/1.1" 200 1626 "https://server2.testtaller.com/editor.html/content/www/us/en/support/products/873.html" "Mozilla/5.0 (Windows NT 10.0; Win64; x64) AppleWebKit/537.36 (KHTML, like Gecko) Chrome/84.0.4147.89 Safari/537.36 Edg/84.0.522.40" -
10.113.87.50 "server2.testtaller.com" - [24/Jul/2020:02:13:24 +0000] "GET /etc.clientlibs/clientlibs/granite/coralui2keys.min.js HTTP/1.1" 200 1736 "https://server2.testtaller.com/editor.html/content/www/us/en/support/products/873.html" "Mozilla/5.0 (Windows NT 10.0; Win64; x64) AppleWebKit/537.36 (KHTML, like Gecko) Chrome/84.0.4147.89 Safari/537.36 Edg/84.0.522.40" -
10.113.87.50 "server2.testtaller.com" - [24/Jul/2020:02:13:24 +0000] "GET /etc.clientlibs/clientlibs/granite/utils.min.js HTTP/1.1" 200 3359 "https://server2.testtaller.com/editor.html/content/www/us/en/support/products/873.html" "Mozilla/5.0 (Windows NT 10.0; Win64; x64) AppleWebKit/537.36 (KHTML, like Gecko) Chrome/84.0.4147.89 Safari/537.36 Edg/84.0.522.40" -
10.113.87.50 "server2.testtaller.com" - [24/Jul/2020:02:13:24 +0000] "GET /etc.clientlibs/clientlibs/granite/typekit.min.js HTTP/1.1" 200 7413 "https://server2.testtaller.com/editor.html/content/www/us/en/support/products/873.html" "Mozilla/5.0 (Windows NT 10.0; Win64; x64) AppleWebKit/537.36 (KHTML, like Gecko) Chrome/84.0.4147.89 Safari/537.36 Edg/84.0.522.40" -
10.113.87.50 "server2.testtaller.com" - [24/Jul/2020:02:13:24 +0000] "GET /etc.clientlibs/clientlibs/granite/moment.min.js HTTP/1.1" 200 21357 "https://server2.testtaller.com/editor.html/content/www/us/en/support/products/873.html" "Mozilla/5.0 (Windows NT 10.0; Win64; x64) AppleWebKit/537.36 (KHTML, like Gecko) Chrome/84.0.4147.89 Safari/537.36 Edg/84.0.522.40" -
10.113.87.50 "server2.testtaller.com" - [24/Jul/2020:02:13:24 +0000] "GET /etc.clientlibs/clientlibs/granite/uritemplate.min.js HTTP/1.1" 200 1712 "https://server2.testtaller.com/editor.html/content/www/us/en/support/products/873.html" "Mozilla/5.0 (Windows NT 10.0; Win64; x64) AppleWebKit/537.36 (KHTML, like Gecko) Chrome/84.0.4147.89 Safari/537.36 Edg/84.0.522.40" -
10.113.87.50 "server2.testtaller.com" - [24/Jul/2020:02:13:24 +0000] "GET /etc.clientlibs/clientlibs/granite/coralui2.min.js HTTP/1.1" 200 80051 "https://server2.testtaller.com/editor.html/content/www/us/en/support/products/873.html" "Mozilla/5.0 (Windows NT 10.0; Win64; x64) AppleWebKit/537.36 (KHTML, like Gecko) Chrome/84.0.4147.89 Safari/537.36 Edg/84.0.522.40" -
10.113.87.50 "server2.testtaller.com" - [24/Jul/2020:02:13:24 +0000] "GET /etc.clientlibs/clientlibs/granite/history.min.js HTTP/1.1" 200 4729 "https://server2.testtaller.com/editor.html/content/www/us/en/support/products/873.html" "Mozilla/5.0 (Windows NT 10.0; Win64; x64) AppleWebKit/537.36 (KHTML, like Gecko) Chrome/84.0.4147.89 Safari/537.36 Edg/84.0.522.40" -
10.113.87.50 "server2.testtaller.com" - [24/Jul/2020:02:13:24 +0000] "GET /etc.clientlibs/clientlibs/granite/coralui3.min.js HTTP/1.1" 200 205974 "https://server2.testtaller.com/editor.html/content/www/us/en/support/products/873.html" "Mozilla/5.0 (Windows NT 10.0; Win64; x64) AppleWebKit/537.36 (KHTML, like Gecko) Chrome/84.0.4147.89 Safari/537.36 Edg/84.0.522.40" -
10.113.87.50 "server2.testtaller.com" - [24/Jul/2020:02:13:24 +0000] "GET /etc.clientlibs/granite/ui/components/coral/foundation/components/clientlibs/components.min.js HTTP/1.1" 200 69163 "https://server2.testtaller.com/editor.html/content/www/us/en/support/products/873.html" "Mozilla/5.0 (Windows NT 10.0; Win64; x64) AppleWebKit/537.36 (KHTML, like Gecko) Chrome/84.0.4147.89 Safari/537.36 Edg/84.0.522.40" -
10.113.87.50 "server2.testtaller.com" - [24/Jul/2020:02:13:24 +0000] "GET /etc.clientlibs/granite/ui/components/coral/foundation/clientlibs/foundation.min.js HTTP/1.1" 200 50949 "https://server2.testtaller.com/editor.html/content/www/us/en/support/products/873.html" "Mozilla/5.0 (Windows NT 10.0; Win64; x64) AppleWebKit/537.36 (KHTML, like Gecko) Chrome/84.0.4147.89 Safari/537.36 Edg/84.0.522.40" -
10.113.87.50 "server2.testtaller.com" - [24/Jul/2020:02:13:24 +0000] "GET /etc.clientlibs/granite/ui/clientlibs/quickactions.min.js HTTP/1.1" 200 2392 "https://server2.testtaller.com/editor.html/content/www/us/en/support/products/873.html" "Mozilla/5.0 (Windows NT 10.0; Win64; x64) AppleWebKit/537.36 (KHTML, like Gecko) Chrome/84.0.4147.89 Safari/537.36 Edg/84.0.522.40" -
10.113.87.50 "server2.testtaller.com" - [24/Jul/2020:02:13:24 +0000] "GET /etc.clientlibs/clientlibs/granite/jquery/animation.min.js HTTP/1.1" 200 367 "https://server2.testtaller.com/editor.html/content/www/us/en/support/products/873.html" "Mozilla/5.0 (Windows NT 10.0; Win64; x64) AppleWebKit/537.36 (KHTML, like Gecko) Chrome/84.0.4147.89 Safari/537.36 Edg/84.0.522.40" -
10.113.87.50 "server2.testtaller.com" - [24/Jul/2020:02:13:24 +0000] "GET /etc.clientlibs/granite/ui/components/foundation/clientlibs/foundation.min.js HTTP/1.1" 200 10070 "https://server2.testtaller.com/editor.html/content/www/us/en/support/products/873.html" "Mozilla/5.0 (Windows NT 10.0; Win64; x64) AppleWebKit/537.36 (KHTML, like Gecko) Chrome/84.0.4147.89 Safari/537.36 Edg/84.0.522.40" -
10.113.87.50 "server2.testtaller.com" - [24/Jul/2020:02:13:24 +0000] "GET /etc.clientlibs/granite/ui/components/endor/clientlibs.min.js HTTP/1.1" 200 2770 "https://server2.testtaller.com/editor.html/content/www/us/en/support/products/873.html" "Mozilla/5.0 (Windows NT 10.0; Win64; x64) AppleWebKit/537.36 (KHTML, like Gecko) Chrome/84.0.4147.89 Safari/537.36 Edg/84.0.522.40" -
